⏳ Creating backup...
✅ Local backup created: /home/lmnet/server/server/backups/backup-1756684806125.zip
✅ Backup uploaded: backup-1756684806125.zip
🧹 Removed local temporary backup file
✅ Backup process completed!
⏳ Creating backup...
✅ Local backup created: /home/lmnet/server/server/backups/backup-1756771204336.zip
✅ Backup uploaded: backup-1756771204336.zip
🧹 Removed local temporary backup file
✅ Backup process completed!
⏳ Creating backup...
⏳ Creating backup...
✅ Local backup created: /home/lmnet/server/server/backups/backup-1756944005829.zip
✅ Backup uploaded: backup-1756944005829.zip
🧹 Removed local temporary backup file
✅ Backup process completed!
⏳ Creating backup...
✅ Local backup created: /home/lmnet/server/server/backups/backup-1757030404653.zip
✅ Backup uploaded: backup-1757030404653.zip
🧹 Removed local temporary backup file
✅ Backup process completed!
⏳ Creating backup...
⏳ Creating backup...
✅ Local backup created: /home/lmnet/server/server/backups/backup-1757203203988.zip
✅ Backup uploaded: backup-1757203203988.zip
🧹 Removed local temporary backup file
✅ Backup process completed!
⏳ Creating backup...
✅ Local backup created: /home/lmnet/server/server/backups/backup-1757289604353.zip
✅ Backup uploaded: backup-1757289604353.zip
🧹 Removed local temporary backup file
✅ Backup process completed!
⏳ Creating backup...
⏳ Creating backup...
✅ Local backup created: /home/lmnet/server/server/backups/backup-1757462408042.zip
✅ Backup uploaded: backup-1757462408042.zip
🗑️ Deleted oldest Google Drive backup: Walay Manghilabot sa
🧹 Removed local temporary backup file
✅ Backup process completed!
⏳ Creating backup...
✅ Local backup created: /home/lmnet/server/server/backups/backup-1757548805234.zip
✅ Backup uploaded: backup-1757548805234.zip
🗑️ Deleted oldest Google Drive backup: backup-1756092398984.zip
🧹 Removed local temporary backup file
✅ Backup process completed!
⏳ Creating backup...
✅ Local backup created: /home/lmnet/server/server/backups/backup-1757635205422.zip
✅ Backup uploaded: backup-1757635205422.zip
🗑️ Deleted oldest Google Drive backup: temp-backup.zip
🧹 Removed local temporary backup file
✅ Backup process completed!
⏳ Creating backup...
✅ Local backup created: /home/lmnet/server/server/backups/backup-1757721604327.zip
✅ Backup uploaded: backup-1757721604327.zip
🗑️ Deleted oldest Google Drive backup: temp-backup.zip
🧹 Removed local temporary backup file
✅ Backup process completed!
⏳ Creating backup...
✅ Local backup created: /home/lmnet/server/server/backups/backup-1757808005562.zip
✅ Backup uploaded: backup-1757808005562.zip
🗑️ Deleted oldest Google Drive backup: DayToDay${Date.now()}.zip
🧹 Removed local temporary backup file
✅ Backup process completed!
⏳ Creating backup...
✅ Local backup created: /home/lmnet/server/server/backups/backup-1757894402873.zip
✅ Backup uploaded: backup-1757894402873.zip
🗑️ Deleted oldest Google Drive backup: backup-1756196260932.zip
🧹 Removed local temporary backup file
✅ Backup process completed!
⏳ Creating backup...
✅ Local backup created: /home/lmnet/server/server/backups/backup-1757980802905.zip
✅ Backup uploaded: backup-1757980802905.zip
🗑️ Deleted oldest Google Drive backup: backup-1756684806125.zip
🧹 Removed local temporary backup file
✅ Backup process completed!
⏳ Creating backup...
✅ Local backup created: /home/lmnet/server/server/backups/backup-1758067203050.zip
✅ Backup uploaded: backup-1758067203050.zip
🗑️ Deleted oldest Google Drive backup: backup-1756771204336.zip
🧹 Removed local temporary backup file
✅ Backup process completed!
⏳ Creating backup...
✅ Local backup created: /home/lmnet/server/server/backups/backup-1758153603779.zip
✅ Backup uploaded: backup-1758153603779.zip
🗑️ Deleted oldest Google Drive backup: backup-1756944005829.zip
🧹 Removed local temporary backup file
✅ Backup process completed!
